// Jest Snapshot v1, https://goo.gl/fbAQLP

exports[`renders correctly 1`] = `
<div
  className="App"
  data-radium={true}
>
  <div
    key=".0"
  >
    <NavigationBar />
  </div>
  <div
    key=".1"
  >
    <HomeScreen />
  </div>
  <div
    key=".2"
  >
    <ScheduleTutor />
  </div>
  <div
    key=".3"
  >
    <AboutUs />
  </div>
  <div
    key=".4"
  >
    <OurStory />
  </div>
  <div
    key=".5"
  >
    <OurTutors />
  </div>
  <div
    key=".6"
  >
    <Testimonials />
  </div>
  <div
    key=".7"
  >
    <Philanthropy />
  </div>
  <div
    key=".8"
  >
    <MailingList />
  </div>
</div>
`;
