// Jest Snapshot v1, https://goo.gl/fbAQLP

exports[`renders correctly 1`] = `
<div>
  <section
    id="home1"
  >
    <h1>
      1on1 Tutoring
    </h1>
    <h2>
      students teaching students
    </h2>
  </section>
</div>
`;
