// Jest Snapshot v1, https://goo.gl/fbAQLP

exports[`renders correctly 1`] = `
<div
  class="ourStory"
  id="ourstory"
>
  <br />
  <h1>
    Our Story
  </h1>
  <section
    class="section intro"
  >
    <div
      class="container"
    />
  </section>
  <section
    class="timeline"
  >
    <ol>
      <li>
        <div>
          <time>
            01/01/2010
          </time>
           In mattis elit vitae odio posuere, nec maximus massa varius. Suspendisse varius volutpat mattis. Vestibulum id magna est.
        </div>
      </li>
      <li>
        <div>
          <time>
            02/03/2011
          </time>
           In mattis elit vitae odio posuere, nec maximus massa varius. Suspendisse varius volutpat mattis. Vestibulum id magna est.
        </div>
      </li>
      <li>
        <div>
          <time>
            03/03/2013
          </time>
           In mattis elit vitae odio posuere, nec maximus massa varius. Suspendisse varius volutpat mattis. Vestibulum id magna est.
        </div>
      </li>
      <li>
        <div>
          <time>
            03/03/2014
          </time>
           In mattis elit vitae odio posuere, nec maximus massa varius. Suspendisse varius volutpat mattis. Vestibulum id magna est.
        </div>
      </li>
      <li>
        <div>
          <time>
            03/03/2015
          </time>
           In mattis elit vitae odio posuere, nec maximus massa varius. Suspendisse varius volutpat mattis. Vestibulum id magna est.
        </div>
      </li>
      <li>
        <div>
          <time>
            01/03/2016
          </time>
           In mattis elit vitae odio posuere, nec maximus massa varius. Suspendisse varius volutpat mattis. Vestibulum id magna est.
        </div>
      </li>
      <li />
    </ol>
  </section>
</div>
`;
